// Jest Snapshot v1, https://goo.gl/fbAQLP

exports[`renders UserCard component unchanged 1`] = `
<div>
  <div
    class="d-flex flex-wrap justify-content-center align-items-center my-auto"
  >
    <img
      alt="avatar"
      class="m-2 rounded-circle"
      data-nimg="1"
      decoding="async"
      fetchpriority="high"
      height="150"
      src="/_next/image?url=http%3Aimage%2Ftest%2Fabcde.jpg&w=384&q=75"
      srcset="/_next/image?url=http%3Aimage%2Ftest%2Fabcde.jpg&w=256&q=75 1x, /_next/image?url=http%3Aimage%2Ftest%2Fabcde.jpg&w=384&q=75 2x"
      style="color: transparent;"
      width="150"
    />
    <div
      class="d-flex flex-column align-items-center w-100"
    >
      <h6>
        foo bar
      </h6>
      <div
        class="d-flex align-items-center"
      >
        <span>
          ****@email.com
        </span>
        <img
          alt="mask"
          class="ms-2"
          data-nimg="1"
          decoding="async"
          height="16"
          loading="lazy"
          src="/eye.svg"
          style="color: transparent; cursor: pointer;"
          width="16"
        />
      </div>
    </div>
  </div>
</div>
`;
