// Jest Snapshot v1, https://goo.gl/fbAQLP

exports[`renders home page unchanged 1`] = `
<div>
  <h1>
    Welcome to THREEC Next.js Web! This is Home Page
  </h1>
</div>
`;
